[backblue.gif]
[fade.gif]
[index.html]
[pagead2.googlesyndication.com/pagead/js/f.txt]
[factoryidle.com/img/loader.gif]
[factoryidle.com/app.js]
[factoryidle.com/httpMigrate.js]
[factoryidle.com/index.html]
[factoryidle.com/img/researchIcons.png]
[factoryidle.com/img/componentIcons.png]
[factoryidle.com/img/upgradeActionIcons.png]
[factoryidle.com/img/design/background.png]
[factoryidle.com/main.css]
[factoryidle.com/favicon.ico]
[factoryidle.com/img/timeline/delete.png]
[factoryidle.com/img/network/cross.png]
[factoryidle.com/img/network/backIcon.png]
[factoryidle.com/img/network/addNodeIcon.png]
[factoryidle.com/img/network/editIcon.png]
[factoryidle.com/img/network/connectIcon.png]
[factoryidle.com/img/network/deleteIcon.png]
[factoryidle.com/img/network/upArrow.png]
[factoryidle.com/img/network/downArrow.png]
[factoryidle.com/img/network/leftArrow.png]
[factoryidle.com/img/network/rightArrow.png]
[factoryidle.com/img/network/plus.png]
[factoryidle.com/img/network/minus.png]
[factoryidle.com/img/network/zoomExtends.png]
